CREATE TABLE IF NOT EXISTS files (
      id INTEGER PRIMARY KEY AUTOINCREMENT,
      original_name TEXT,
      custom_name TEXT,
      saved_filename TEXT UNIQUE,
      file_url TEXT UNIQUE,
      created_at TEXT DEFAULT CURRENT_TIMESTAMP
    );
CREATE TABLE IF NOT EXISTS tags (
      id INTEGER PRIMARY KEY AUTOINCREMENT,
      name TEXT UNIQUE
    );
CREATE TABLE IF NOT EXISTS file_tags (
      file_id INTEGER,
      tag_id INTEGER,
      PRIMARY KEY (file_id, tag_id),
      FOREIGN KEY (file_id) REFERENCES files (id) ON DELETE CASCADE,
      FOREIGN KEY (tag_id) REFERENCES tags (id) ON DELETE CASCADE
    );
Database initialized successfully.
Server is running on http://192.168.0.2:3001
Allowing requests from all origins (CORS enabled)
